$ docker swarm init --advertise-addr $(hostname -i)
Swarm initialized: current node (50kctc1hphy7kh4ztzqz7n6jj) is now a manager.

To add a worker to this swarm, run the following command:

    docker swarm join --token SWMTKN-1-51gd9zpsuw4x94d0fjz7v7fjls7x6ayi7m1simso6jx8xrl1of-7l5vo1lp317tvmop3unw2njzg 192.168.0.48:2377

To add a manager to this swarm, run 'docker swarm join-token manager' and follow the instructions.

[node1] (local) root@192.168.0.48 ~
$ git clone https://github.com/Alfa-1998/test
Cloning into 'test'...
remote: Enumerating objects: 15, done.
remote: Counting objects: 100% (15/15), done.
remote: Compressing objects: 100% (12/12), done.
remote: Total 15 (delta 0), reused 0 (delta 0), pack-reused 0
Unpacking objects: 100% (15/15), done.
[node1] (local) root@192.168.0.48 ~
$ cd test
[node1] (local) root@192.168.0.48 ~/test
$ cd  test
[node1] (local) root@192.168.0.48 ~/test/test
$ docker stack deploy --compose-file=docker-stack.yml
"docker stack deploy" requires exactly 1 argument.
See 'docker stack deploy --help'.

Usage:  docker stack deploy [OPTIONS] STACK

Deploy a new stack or update an existing stack
[node1] (local) root@192.168.0.48 ~/test/test
$ ocker stack deploy --compose-file=docker-compose.yml wikistack
bash: ocker: command not found
[node1] (local) root@192.168.0.48 ~/test/test
$ docker stack deploy --compose-file=docker-compose.yml wikistack
Ignoring unsupported options: build

Creating network wikistack_default
Creating service wikistack_api
Creating service wikistack_web
Creating service wikistack_redis
[node1] (local) root@192.168.0.48 ~/test/test
$ docker stack services wikistack
ID                  NAME                MODE        REPLICAS            IMAGE       PORTS
0ofvoqp9h1xc        wikistack_redis     replicated        1/1                 redis:latest
igvrq23swjph        wikistack_api       replicated        0/1                 wikicrawler-api:step5-python   *:5000->5000/tcp
ruflo0xh7kfx        wikistack_web       replicated        0/1                 wikicrawler-web:step5-php      *:80->80/tcp
[node1] (local) root@192.168.0.48 ~/test/test
$ docker service ps wikistack_api
ID                  NAME                  IMAGE                     NODE                DESIRED STATE       CURRENT STATE             ERROR                  PORTS
p0vzy6uqrji9        wikistack_api.1       wikicrawler-api:step5-python   node2               Ready         Rejected 1 second ago     "No such image: wikicrawler-ap…"
sbnef65tkoxd         \_ wikistack_api.1   wikicrawler-api:step5-python   node1               Shutdown         Rejected 7 seconds ago    "No such image: wikicrawler-ap…"
k3d6pk25los5         \_ wikistack_api.1   wikicrawler-api:step5-python   node2               Shutdown         Rejected 11 seconds ago   "No such image: wikicrawler-ap…"
74b9qy3dz5gl         \_ wikistack_api.1   wikicrawler-api:step5-python   node1               Shutdown         Rejected 16 seconds ago   "No such image: wikicrawler-ap…"
redwbvckqjk7         \_ wikistack_api.1   wikicrawler-api:step5-python   node1               Shutdown         Rejected 23 seconds ago   "No such image: wikicrawler-ap…"
[node1] (local) root@192.168.0.48 ~/test/test
$ docker service scale wikistack_api = 5
Invalid scale specifier 'wikistack_api'.
See 'docker service scale --help'.

Usage:  docker service scale SERVICE=REPLICAS [SERVICE=REPLICAS...]

Scale one or multiple replicated services
[node1] (local) root@192.168.0.48 ~/test/test
$ docker service scale wikistack_api=5
wikistack_api scaled to 5
overall progress: 0 out of 5 tasks
1/5: No such image: wikicrawler-api:step5-python
2/5: No such image: wikicrawler-api:step5-python
3/5: No such image: wikicrawler-api:step5-python
4/5: No such image: wikicrawler-api:step5-python
5/5: No such image: wikicrawler-api:step5-python
^COperation continuing in background.
Use `docker service ps wikistack_api` to check progress.
[node1] (local) root@192.168.0.48 ~/test/test
$ docker service scale wikicrawler-api:step5-python=5
wikicrawler-api:step5-python: Error: No such service: wikicrawler-api:step5-python
[node1] (local) root@192.168.0.48 ~/test/test
$ docker service scale wikistack_api.1=5
wikistack_api.1: Error: No such service: wikistack_api.1
[node1] (local) root@192.168.0.48 ~/test/test
$ docker service scale wikistack_api=5
wikistack_api scaled to 5
overall progress: 0 out of 5 tasks
1/5: No such image: wikicrawler-api:step5-python
2/5: No such image: wikicrawler-api:step5-python
3/5: No such image: wikicrawler-api:step5-python
4/5: No such image: wikicrawler-api:step5-python
5/5: No such image: wikicrawler-api:step5-python
^COperation continuing in background.
Use `docker service ps wikistack_api` to check progress.
[node1] (local) root@192.168.0.48 ~/test/test
$ docker-compose up -d --build
WARNING: The Docker Engine you're using is running in swarm mode.

Compose does not use swarm mode to deploy services to multiple nodes in a swarm. All containers will bescheduled on the current node.

To deploy your application across the swarm, use `docker stack deploy`.

Creating network "test_default" with the default driver
Building web
Step 1/4 : FROM       php:7-apache
7-apache: Pulling from library/php
68ced04f60ab: Already exists
1d2a5d8fa585: Pulling fs layer
5d59ec4ae241: Pulling fs layer
d42331ef4d44: Pulling fs layer
5d59ec4ae241: Extracting [==========================
========================>]  76.65MB/76.65MBB
2419413b2a16: Download complete
2c7832852643: Download complete
>                         ]  5.422MB/10.6MB
46011418685f: Download complete
68be3748ea55: Download complete
4e3af655ec1e: Download complete
9f579d3b7159: Download complete
ERROR: Service 'web' failed to build: failed to register layer: Error processing tar file(exit status 1): mkdir /usr/share/perl/5.28.1/unicore/lib/GrBase: no space left on device
[node1] (local) root@192.168.0.48 ~/test/test
$ docker service scale wikistack_api=5
wikistack_api scaled to 5
overall progress: 0 out of 5 tasks
1/5: No such image: wikicrawler-api:step5-python
2/5: No such image: wikicrawler-api:step5-python
3/5: No such image: wikicrawler-api:step5-python
4/5: No such image: wikicrawler-api:step5-python
5/5: No such image: wikicrawler-api:step5-python
^COperation continuing in background.
Use `docker service ps wikistack_api` to check progress.
[node1] (local) root@192.168.0.48 ~/test/test
$ docker-compose up -d --build
WARNING: The Docker Engine you're using is running in swarm mode.

Compose does not use swarm mode to deploy services to multiple nodes in a swarm. All containers will bescheduled on the current node.

To deploy your application across the swarm, use `docker stack deploy`.

Building web
Step 1/4 : FROM       php:7-apache
7-apache: Pulling from library/php
68ced04f60ab: Already exists
1d2a5d8fa585: Pulling fs layer
5d59ec4ae241: Pulling fs layer
d42331ef4d44: Pulling fs layer
5d59ec4ae241: Extracting [==========================
========================>]  76.65MB/76.65MBB
2419413b2a16: Download complete
2c7832852643: Download complete
8b0b209a25bc: Download complete
46011418685f: Download complete
===============>          ]  11.21MB/13.8MB
4e3af655ec1e: Download complete
9f579d3b7159: Download complete
ERROR: Service 'web' failed to build: failed to register layer: Error processing tar file(exit status 1): write /usr/share/perl/5.28.1/ExtUtils/CBuilder/Base.pm: no space left on device
[node1] (local) root@192.168.0.48 ~/test/test
$ ls
README.md           instagram.py
api                 packetsniffer.py
docker-compose.yml  www
[node1] (local) root@192.168.0.48 ~/test/test
$ docker stack deploy --compose-file=docker-stack.yml
"docker stack deploy" requires exactly 1 argument.
See 'docker stack deploy --help'.

Usage:  docker stack deploy [OPTIONS] STACK

Deploy a new stack or update an existing stack
[node1] (local) root@192.168.0.48 ~/test/test
$ docker service ls
ID                  NAME                MODE        REPLICAS            IMAGE       PORTS
igvrq23swjph        wikistack_api       replicated        0/5                 wikicrawler-api:step5-python   *:5000->5000/tcp
0ofvoqp9h1xc        wikistack_redis     replicated        1/1                 redis:latest
ruflo0xh7kfx        wikistack_web       replicated        0/1                 wikicrawler-web:step5-php      *:80->80/tcp
[node1] (local) root@192.168.0.48 ~/test/test
$ docker stack deploy --compose-file=docker-compose.yml wikistack
Ignoring unsupported options: build

Updating service wikistack_api (id: igvrq23swjphwyi658rkhgiuz)
image wikicrawler-api:step5-python could not be accessed on a registry to record
its digest. Each node will access wikicrawler-api:step5-python independently,
possibly leading to different nodes running different
versions of the image.

Updating service wikistack_web (id: ruflo0xh7kfxq9i8amxm4lxoj)
image wikicrawler-web:step5-php could not be accessed on a registry to record
its digest. Each node will access wikicrawler-web:step5-php independently,
possibly leading to different nodes running different
versions of the image.

Updating service wikistack_redis (id: 0ofvoqp9h1xcv66i2upnyp059)
[node1] (local) root@192.168.0.48 ~/test/test
$ docker stack ls
NAME                SERVICES            ORCHESTRATOR
wikistack           3                   Swarm
[node1] (local) root@192.168.0.48 ~/test/test
$ docker stack services wikistack
ID                  NAME                MODE        REPLICAS            IMAGE       PORTS
0ofvoqp9h1xc        wikistack_redis     replicated        1/1                 redis:latest
igvrq23swjph        wikistack_api       replicated        0/1                 wikicrawler-api:step5-python   *:5000->5000/tcp
ruflo0xh7kfx        wikistack_web       replicated        0/1                 wikicrawler-web:step5-php      *:80->80/tcp
[node1] (local) root@192.168.0.48 ~/test/test
$ docker service scale wikistack_web=1
wikistack_web scaled to 1
overall progress: 0 out of 1 tasks
1/1: No such image: wikicrawler-web:step5-php
^COperation continuing in background.
Use `docker service ps wikistack_web` to check progress.
[node1] (local) root@192.168.0.48 ~/test/test
$ docker stack services wikistack
ID                  NAME                MODE        REPLICAS            IMAGE       PORTS
0ofvoqp9h1xc        wikistack_redis     replicated        1/1                 redis:latest
igvrq23swjph        wikistack_api       replicated        0/1                 wikicrawler-api:step5-python   *:5000->5000/tcp
ruflo0xh7kfx        wikistack_web       replicated        0/1                 wikicrawler-web:step5-php      *:80->80/tcp
[node1] (local) root@192.168.0.48 ~/test/test
$ docker services ls
docker: 'services' is not a docker command.
See 'docker --help'
[node1] (local) root@192.168.0.48 ~/test/test
$ docker service ls
ID                  NAME                MODE        REPLICAS            IMAGE       PORTS
igvrq23swjph        wikistack_api       replicated        0/1                 wikicrawler-api:step5-python   *:5000->5000/tcp
0ofvoqp9h1xc        wikistack_redis     replicated        1/1                 redis:latest
ruflo0xh7kfx        wikistack_web       replicated        0/1                 wikicrawler-web:step5-php      *:80->80/tcp
[node1] (local) root@192.168.0.48 ~/test/test
$ docker stack services wikistack
ID                  NAME                MODE        REPLICAS            IMAGE       PORTS
0ofvoqp9h1xc        wikistack_redis     replicated        1/1                 redis:latest
igvrq23swjph        wikistack_api       replicated        0/1                 wikicrawler-api:step5-python   *:5000->5000/tcp
ruflo0xh7kfx        wikistack_web       replicated        0/1                 wikicrawler-web:step5-php      *:80->80/tcp
[node1] (local) root@192.168.0.48 ~/test/test
$ docker service ps wikistack_api
ID                  NAME                  IMAGE                     NODE                DESIRED STATE       CURRENT STATE                     ERROR                          PORTS
s1dfvqyshlrf        wikistack_api.1       wikicrawler-api:step5-python   node1               Ready         Assigned less than a second ago
or1dkrdjmdik         \_ wikistack_api.1   wikicrawler-api:step5-python   node2               Shutdown         Rejected 4 seconds ago            "No suchimage: wikicrawler-ap…"
oa9oprp6685d         \_ wikistack_api.1   wikicrawler-api:step5-python   node1               Shutdown         Rejected 9 seconds ago            "No suchimage: wikicrawler-ap…"
t0g3220arsgm         \_ wikistack_api.1   wikicrawler-api:step5-python   node2               Shutdown         Rejected 14 seconds ago           "No suchimage: wikicrawler-ap…"
kuteiv38pupu         \_ wikistack_api.1   wikicrawler-api:step5-python   node1               Shutdown         Rejected 19 seconds ago           "No suchimage: wikicrawler-ap…"
wti43m46jqqq         \_ wikistack_api.1   wikicrawler-api:step5-python   node2               Shutdown         Rejected 24 seconds ago           "No suchimage: wikicrawler-ap…"
99v9kwgzfi7w        wikistack_api.2       wikicrawler-api:step5-python   node1               Shutdown         Rejected 2 minutes ago            "No suchimage: wikicrawler-ap…"
xe0mc4y701go         \_ wikistack_api.2   wikicrawler-api:step5-python   node2               Shutdown         Rejected 2 minutes ago            "No suchimage: wikicrawler-ap…"
f0pf4vnpce6v         \_ wikistack_api.2   wikicrawler-api:step5-python   node2               Shutdown         Rejected 2 minutes ago            "No suchimage: wikicrawler-ap…"
rlgozen1cip1         \_ wikistack_api.2   wikicrawler-api:step5-python   node1               Shutdown         Rejected 2 minutes ago            "No suchimage: wikicrawler-ap…"
0an3tl17wcm2        wikistack_api.3       wikicrawler-api:step5-python   node1               Shutdown         Rejected 2 minutes ago            "No suchimage: wikicrawler-ap…"
92ncae5m58zk         \_ wikistack_api.3   wikicrawler-api:step5-python   node2               Shutdown         Rejected 2 minutes ago            "No suchimage: wikicrawler-ap…"
zcatqmiyr5kr         \_ wikistack_api.3   wikicrawler-api:step5-python   node2               Shutdown         Rejected 2 minutes ago            "No suchimage: wikicrawler-ap…"
te36ka6uveyg         \_ wikistack_api.3   wikicrawler-api:step5-python   node1               Shutdown         Rejected 2 minutes ago            "No suchimage: wikicrawler-ap…"
n8yw3dvvp7z1        wikistack_api.4       wikicrawler-api:step5-python   node2               Shutdown         Rejected 2 minutes ago            "No suchimage: wikicrawler-ap…"
twcln7ql945h         \_ wikistack_api.4   wikicrawler-api:step5-python   node1               Shutdown         Rejected 2 minutes ago            "No suchimage: wikicrawler-ap…"
pxql07rxw0ea         \_ wikistack_api.4   wikicrawler-api:step5-python   node2               Shutdown         Rejected 2 minutes ago            "No suchimage: wikicrawler-ap…"
p0d5dxjg751d         \_ wikistack_api.4   wikicrawler-api:step5-python   node1               Shutdown         Rejected 2 minutes ago            "No suchimage: wikicrawler-ap…"
ylni5mlhmlqy        wikistack_api.5       wikicrawler-api:step5-python   node2               Shutdown         Rejected 2 minutes ago            "No suchimage: wikicrawler-ap…"
szoyq3vp8szt         \_ wikistack_api.5   wikicrawler-api:step5-python   node1               Shutdown         Rejected 2 minutes ago            "No suchimage: wikicrawler-ap…"
3ryqo0h0j165         \_ wikistack_api.5   wikicrawler-api:step5-python   node2               Shutdown         Rejected 2 minutes ago            "No suchimage: wikicrawler-ap…"
gkzziwe46sn4         \_ wikistack_api.5   wikicrawler-api:step5-python   node1               Shutdown         Rejected 2 minutes ago            "No suchimage: wikicrawler-ap…"
[node1] (local) root@192.168.0.48 ~/test/test
$  docker service scale wikistack_api=5
wikistack_api scaled to 5
overall progress: 0 out of 5 tasks
1/5: No such image: wikicrawler-api:step5-python
2/5: No such image: wikicrawler-api:step5-python
3/5: No such image: wikicrawler-api:step5-python
4/5: No such image: wikicrawler-api:step5-python
5/5: No such image: wikicrawler-api:step5-python
^COperation continuing in background.
Use `docker service ps wikistack_api` to check progress.
[node1] (local) root@192.168.0.48 ~/test/test
$ docker image ls
REPOSITORY          TAG                 IMAGE ID        CREATED             SIZE
redis               <none>              7eed8df88d3b        20 hours ago        98.2MB
[node1] (local) root@192.168.0.48 ~/test/test
$ docker service scale wikistack_api=5
wikistack_api scaled to 5
overall progress: 0 out of 5 tasks
1/5: No such image: wikicrawler-api:step5-python
2/5: No such image: wikicrawler-api:step5-python
3/5: No such image: wikicrawler-api:step5-python
4/5: No such image: wikicrawler-api:step5-python
5/5: No such image: wikicrawler-api:step5-python
^COperation continuing in background.
Use `docker service ps wikistack_api` to check progress.
[node1] (local) root@192.168.0.48 ~/test/test
$ docker-compose up -d --build
WARNING: The Docker Engine you're using is running in swarm mode.

Compose does not use swarm mode to deploy services to multiple nodes in a swarm. All containers will bescheduled on the current node.

To deploy your application across the swarm, use `docker stack deploy`.

Building web
Step 1/4 : FROM       php:7-apache
7-apache: Pulling from library/php
68ced04f60ab: Already exists
1d2a5d8fa585: Pulling fs layer
5d59ec4ae241: Pulling fs layer
d42331ef4d44: Pulling fs layer
408b7b7ee112: Pull complete
570cd47896d5: Pull complete
2419413b2a16: Pull complete
2c7832852643: Pull complete
8b0b209a25bc: Pull complete
46011418685f: Pull complete
68be3748ea55: Pull complete
4e3af655ec1e: Pull complete
9f579d3b7159: Pull complete
Digest: sha256:c496c0f962eaaea0f52d9c068bf331fe477703d4657f99b955a2a35a4c3486c4
Status: Downloaded newer image for php:7-apache
 ---> d753d5b380a1
Step 2/4 : LABEL      maintainer="Sawood Alam <@ibnesayeed>"
 ---> Running in 211d41d2712e
Removing intermediate container 211d41d2712e
 ---> 32d6eb738f33
Step 3/4 : ENV        API_ENDPOINT="http://localhost:5000/api/"
 ---> Running in f335cbd86a27
Removing intermediate container f335cbd86a27
 ---> ca5f277104e1
Step 4/4 : COPY       . /var/www/html/
 ---> 5b2582febf0f
Successfully built 5b2582febf0f
Successfully tagged wikicrawler-web:step5-php
Building api
Step 1/9 : FROM         python:3
3: Pulling from library/python
50e431f79093: Pull complete
dd8c6d374ea5: Pull complete
c85513200d84: Pull complete
55769680e827: Pull complete
f5e195d50b88: Pull complete
94cdd3612287: Pull complete
3b37b69935d4: Pull complete
b9add85f08c4: Pull complete
aa1f4a29beac: Pull complete
Digest: sha256:da4f61227d5facb694293c1356051403d0d163a2d7aa8a0e0d3d9cfc347e3901
Status: Downloaded newer image for python:3
 ---> f88b2f81f83a
Step 2/9 : LABEL                maintainer="Ahmad"
 ---> Running in b66b165ec02a
Removing intermediate container b66b165ec02a
 ---> 34a81357fa2d
Step 3/9 : ENV          REDIS_URL="redis://localhost:6379"
 ---> Running in c61987b93535
Removing intermediate container c61987b93535
 ---> fff2a2282766
Step 4/9 : WORKDIR              /app
 ---> Running in e5cea09b3aaa
Removing intermediate container e5cea09b3aaa
 ---> 323196b2e1b4
Step 5/9 : COPY         requirements.txt /app/
 ---> a0c59bd992c4
Step 6/9 : RUN          pip install -r requirements.txt
 ---> Running in b1070d80f22d
Collecting beautifulsoup4
  Downloading beautifulsoup4-4.8.2-py3-none-any.whl(106 kB)
Collecting flask
  Downloading Flask-1.1.1-py2.py3-none-any.whl (94 kB)
Collecting redis
  Downloading redis-3.4.1-py2.py3-none-any.whl (71 kB)
Collecting wikipedia
  Downloading wikipedia-1.4.0.tar.gz (27 kB)
Collecting requests
  Downloading requests-2.23.0-py2.py3-none-any.whl (58 kB)
Collecting soupsieve>=1.2
  Downloading soupsieve-2.0-py2.py3-none-any.whl (32 kB)
Collecting click>=5.1
  Downloading Click-7.0-py2.py3-none-any.whl (81 kB)
Collecting itsdangerous>=0.24
  Downloading itsdangerous-1.1.0-py2.py3-none-any.whl (16 kB)
Collecting Jinja2>=2.10.1
  Downloading Jinja2-2.11.1-py2.py3-none-any.whl (126 kB)
Collecting Werkzeug>=0.15
  Downloading Werkzeug-1.0.0-py2.py3-none-any.whl (298 kB)
Collecting idna<3,>=2.5
  Downloading idna-2.9-py2.py3-none-any.whl (58 kB)
Collecting urllib3!=1.25.0,!=1.25.1,<1.26,>=1.21.1
  Downloading urllib3-1.25.8-py2.py3-none-any.whl (125 kB)
Collecting chardet<4,>=3.0.2
  Downloading chardet-3.0.4-py2.py3-none-any.whl (133 kB)
Collecting certifi>=2017.4.17
  Downloading certifi-2019.11.28-py2.py3-none-any.whl (156 kB)
Collecting MarkupSafe>=0.23
  Downloading MarkupSafe-1.1.1-cp38-cp38-manylinux1_x86_64.whl (32 kB)
Building wheels for collected packages: wikipedia
  Building wheel for wikipedia (setup.py): started
  Building wheel for wikipedia (setup.py): finishedwith status 'done'
  Created wheel for wikipedia: filename=wikipedia-1.4.0-py3-none-any.whl size=11685 sha256=9e03b667075cbcea3469be271b659b0f73ad8d7c309dae3429dd23aa3a2854cd
  Stored in directory: /root/.cache/pip/wheels/07/93/05/72c05349177dca2e0ba31a33ba4f7907606f7ddef303517c6a
Successfully built wikipedia
Installing collected packages: soupsieve, beautifulsoup4, click, itsdangerous, MarkupSafe, Jinja2, Werkzeug, flask, redis, idna, urllib3, chardet, certifi,requests, wikipedia
Successfully installed Jinja2-2.11.1 MarkupSafe-1.1.1 Werkzeug-1.0.0 beautifulsoup4-4.8.2 certifi-2019.11.28 chardet-3.0.4 click-7.0 flask-1.1.1 idna-2.9 itsdangerous-1.1.0 redis-3.4.1 requests-2.23.0 soupsieve-2.0 urllib3-1.25.8 wikipedia-1.4.0
Removing intermediate container b1070d80f22d
 ---> 1dd5acdae8e9
Step 7/9 : COPY         *.py /app/
 ---> a0e2df215576
Step 8/9 : RUN          chmod a+x *.py
 ---> Running in df1113c963c6
Removing intermediate container df1113c963c6
 ---> 7c0a2ac3bdfd
Step 9/9 : CMD          ["./main.py"]
 ---> Running in 4a9abd3741bd
Removing intermediate container 4a9abd3741bd
 ---> 9d6aad665a8e
Successfully built 9d6aad665a8e
Successfully tagged wikicrawler-api:step5-python
Pulling redis (redis:)...
latest: Pulling from library/redis
Creating test_api_1 ...
Creating test_redis_1 ...
Creating test_web_1   ... error

ERROR: for test_web_1  Cannot start service web: driver failed programming external connectivity on endpoint test_web_1 (8359a3293702f1e757bea0a34db91b093f6Creating test_api_1   ... doneCreating test_redis_1 ... doneady in use

ERROR: for web  Cannot start service web: driver failed programming external connectivity on endpoint test_web_1 (8359a3293702f1e757bea0a34db91b093f6b2c2d77837940652b260196c17085): Error starting userland proxy: listen tcp 0.0.0.0:80: bind: address already inuse
ERROR: Encountered errors while bringing up the project.
[node1] (local) root@192.168.0.48 ~/test/test
$ docker service scale wikistack_api=5
wikistack_api scaled to 5
overall progress: 5 out of 5 tasks
1/5: running
2/5: running
3/5: running
4/5: running
5/5: running
verify: Service converged
[node1] (local) root@192.168.0.48 ~/test/test
$ docker stack services wikistack
ID                  NAME                MODE        REPLICAS            IMAGE       PORTS
0ofvoqp9h1xc        wikistack_redis     replicated        1/1                 redis:latest
igvrq23swjph        wikistack_api       replicated        5/5                 wikicrawler-api:step5-python   *:5000->5000/tcp
ruflo0xh7kfx        wikistack_web       replicated        1/1                 wikicrawler-web:step5-php      *:80->80/tcp
[node1] (local) root@192.168.0.48 ~/test/test
$